5 5
ffffff00 ff474747 ff474747 ff474747 ff474747 
ff474747 ffffff00 ff474747 ff474747 ff474747 
ff474747 ff474747 ffffff00 ff474747 ff474747 
ff474747 ff474747 ff474747 ffffff00 ff474747 
ff474747 ff474747 ff474747 ff474747 ffffff00 
