5 5
ff9189d3 ffe6d8ad ffe6d8ad ffe6d8ad ffe6d8ad 
ffe6d8ad ff9189d3 ff474747 ff474747 ff474747 
ffe6d8ad ff474747 ff9189d3 ff474747 ff474747 
ffe6d8ad ff3d9d3d ff3d9d3d ff64c087 ff3d9d3d 
ffe6d8ad ff474747 ff474747 ff474747 ff3d3d9d 
