5 5
ff474747 ffff0000 ffff0000 ffff0000 ff474747 
ff474747 ffff0000 ffff0000 ffff0000 ff474747 
ff474747 ffff0000 ffff0000 ffff0000 ff474747 
ff474747 ffff0000 ffff0000 ffff0000 ff474747 
ff474747 ffff0000 ffff0000 ffff0000 ff474747 
