ff474747 ff00ff00 ff00ff00 ff474747 ff474747 
ff00ff00 ff00ff00 ff00ff00 ff00ff00 ff474747 
ff00ff00 ff00ff00 ff00ff00 ff00ff00 ff474747 
ff474747 ff00ff00 ff00ff00 ff474747 ff474747 
ff474747 ff474747 ff474747 ff474747 ff474747 
