5 5
ff0000ff ff0000ff ff0000ff ff0000ff ff474747 
ff0000ff ff0000ff ff0000ff ff0000ff ff474747 
ff0000ff ff0000ff ff0000ff ff0000ff ff474747 
ff474747 ff474747 ff474747 ff474747 ff474747 
ff474747 ff474747 ff474747 ff474747 ff474747 
