5 5
ff9b8723 ff9b8723 ff9b8723 ff474747 ff474747 
ff9b8723 ff73b142 ff73b142 ff3f8959 ff3f8959 
ff9b8723 ff73b142 ff73b142 ff3f8959 ff3f8959 
ff474747 ff3f8959 ff3f8959 ff3f8959 ff3f8959 
ff474747 ff3f8959 ff3f8959 ff3f8959 ff3f8959 
